###############################################################################
#
# IAR ELF Linker V7.80.4.12462/W32 for ARM                17/Mar/2017  10:44:04
# Copyright 2007-2017 IAR Systems AB.
#
#    Output file  =  
#        D:\en.stm32cubel4\STM32Cube_FW_L4_V1.7.0\Projects\STM32L432KC-Nucleo\Templates\EWARM\STM32L432KC_NUCLEO\Exe\Project.out
#    Map file     =  
#        D:\en.stm32cubel4\STM32Cube_FW_L4_V1.7.0\Projects\STM32L432KC-Nucleo\Templates\EWARM\STM32L432KC_NUCLEO\List\Project.map
#    Command line =  
#        D:\en.stm32cubel4\STM32Cube_FW_L4_V1.7.0\Projects\STM32L432KC-Nucleo\Templates\EWARM\STM32L432KC_NUCLEO\Obj\main.o
#        D:\en.stm32cubel4\STM32Cube_FW_L4_V1.7.0\Projects\STM32L432KC-Nucleo\Templates\EWARM\STM32L432KC_NUCLEO\Obj\startup_stm32l432xx.o
#        D:\en.stm32cubel4\STM32Cube_FW_L4_V1.7.0\Projects\STM32L432KC-Nucleo\Templates\EWARM\STM32L432KC_NUCLEO\Obj\stm32l4xx_hal.o
#        D:\en.stm32cubel4\STM32Cube_FW_L4_V1.7.0\Projects\STM32L432KC-Nucleo\Templates\EWARM\STM32L432KC_NUCLEO\Obj\stm32l4xx_hal_adc.o
#        D:\en.stm32cubel4\STM32Cube_FW_L4_V1.7.0\Projects\STM32L432KC-Nucleo\Templates\EWARM\STM32L432KC_NUCLEO\Obj\stm32l4xx_hal_adc_ex.o
#        D:\en.stm32cubel4\STM32Cube_FW_L4_V1.7.0\Projects\STM32L432KC-Nucleo\Templates\EWARM\STM32L432KC_NUCLEO\Obj\stm32l4xx_hal_can.o
#        D:\en.stm32cubel4\STM32Cube_FW_L4_V1.7.0\Projects\STM32L432KC-Nucleo\Templates\EWARM\STM32L432KC_NUCLEO\Obj\stm32l4xx_hal_comp.o
#        D:\en.stm32cubel4\STM32Cube_FW_L4_V1.7.0\Projects\STM32L432KC-Nucleo\Templates\EWARM\STM32L432KC_NUCLEO\Obj\stm32l4xx_hal_cortex.o
#        D:\en.stm32cubel4\STM32Cube_FW_L4_V1.7.0\Projects\STM32L432KC-Nucleo\Templates\EWARM\STM32L432KC_NUCLEO\Obj\stm32l4xx_hal_crc.o
#        D:\en.stm32cubel4\STM32Cube_FW_L4_V1.7.0\Projects\STM32L432KC-Nucleo\Templates\EWARM\STM32L432KC_NUCLEO\Obj\stm32l4xx_hal_crc_ex.o
#        D:\en.stm32cubel4\STM32Cube_FW_L4_V1.7.0\Projects\STM32L432KC-Nucleo\Templates\EWARM\STM32L432KC_NUCLEO\Obj\stm32l4xx_hal_cryp.o
#        D:\en.stm32cubel4\STM32Cube_FW_L4_V1.7.0\Projects\STM32L432KC-Nucleo\Templates\EWARM\STM32L432KC_NUCLEO\Obj\stm32l4xx_hal_cryp_ex.o
#        D:\en.stm32cubel4\STM32Cube_FW_L4_V1.7.0\Projects\STM32L432KC-Nucleo\Templates\EWARM\STM32L432KC_NUCLEO\Obj\stm32l4xx_hal_dac.o
#        D:\en.stm32cubel4\STM32Cube_FW_L4_V1.7.0\Projects\STM32L432KC-Nucleo\Templates\EWARM\STM32L432KC_NUCLEO\Obj\stm32l4xx_hal_dac_ex.o
#        D:\en.stm32cubel4\STM32Cube_FW_L4_V1.7.0\Projects\STM32L432KC-Nucleo\Templates\EWARM\STM32L432KC_NUCLEO\Obj\stm32l4xx_hal_dma.o
#        D:\en.stm32cubel4\STM32Cube_FW_L4_V1.7.0\Projects\STM32L432KC-Nucleo\Templates\EWARM\STM32L432KC_NUCLEO\Obj\stm32l4xx_hal_firewall.o
#        D:\en.stm32cubel4\STM32Cube_FW_L4_V1.7.0\Projects\STM32L432KC-Nucleo\Templates\EWARM\STM32L432KC_NUCLEO\Obj\stm32l4xx_hal_flash.o
#        D:\en.stm32cubel4\STM32Cube_FW_L4_V1.7.0\Projects\STM32L432KC-Nucleo\Templates\EWARM\STM32L432KC_NUCLEO\Obj\stm32l4xx_hal_flash_ex.o
#        D:\en.stm32cubel4\STM32Cube_FW_L4_V1.7.0\Projects\STM32L432KC-Nucleo\Templates\EWARM\STM32L432KC_NUCLEO\Obj\stm32l4xx_hal_flash_ramfunc.o
#        D:\en.stm32cubel4\STM32Cube_FW_L4_V1.7.0\Projects\STM32L432KC-Nucleo\Templates\EWARM\STM32L432KC_NUCLEO\Obj\stm32l4xx_hal_gpio.o
#        D:\en.stm32cubel4\STM32Cube_FW_L4_V1.7.0\Projects\STM32L432KC-Nucleo\Templates\EWARM\STM32L432KC_NUCLEO\Obj\stm32l4xx_hal_i2c.o
#        D:\en.stm32cubel4\STM32Cube_FW_L4_V1.7.0\Projects\STM32L432KC-Nucleo\Templates\EWARM\STM32L432KC_NUCLEO\Obj\stm32l4xx_hal_i2c_ex.o
#        D:\en.stm32cubel4\STM32Cube_FW_L4_V1.7.0\Projects\STM32L432KC-Nucleo\Templates\EWARM\STM32L432KC_NUCLEO\Obj\stm32l4xx_hal_irda.o
#        D:\en.stm32cubel4\STM32Cube_FW_L4_V1.7.0\Projects\STM32L432KC-Nucleo\Templates\EWARM\STM32L432KC_NUCLEO\Obj\stm32l4xx_hal_iwdg.o
#        D:\en.stm32cubel4\STM32Cube_FW_L4_V1.7.0\Projects\STM32L432KC-Nucleo\Templates\EWARM\STM32L432KC_NUCLEO\Obj\stm32l4xx_hal_lcd.o
#        D:\en.stm32cubel4\STM32Cube_FW_L4_V1.7.0\Projects\STM32L432KC-Nucleo\Templates\EWARM\STM32L432KC_NUCLEO\Obj\stm32l4xx_hal_lptim.o
#        D:\en.stm32cubel4\STM32Cube_FW_L4_V1.7.0\Projects\STM32L432KC-Nucleo\Templates\EWARM\STM32L432KC_NUCLEO\Obj\stm32l4xx_hal_msp.o
#        D:\en.stm32cubel4\STM32Cube_FW_L4_V1.7.0\Projects\STM32L432KC-Nucleo\Templates\EWARM\STM32L432KC_NUCLEO\Obj\stm32l4xx_hal_opamp.o
#        D:\en.stm32cubel4\STM32Cube_FW_L4_V1.7.0\Projects\STM32L432KC-Nucleo\Templates\EWARM\STM32L432KC_NUCLEO\Obj\stm32l4xx_hal_opamp_ex.o
#        D:\en.stm32cubel4\STM32Cube_FW_L4_V1.7.0\Projects\STM32L432KC-Nucleo\Templates\EWARM\STM32L432KC_NUCLEO\Obj\stm32l4xx_hal_pcd.o
#        D:\en.stm32cubel4\STM32Cube_FW_L4_V1.7.0\Projects\STM32L432KC-Nucleo\Templates\EWARM\STM32L432KC_NUCLEO\Obj\stm32l4xx_hal_pcd_ex.o
#        D:\en.stm32cubel4\STM32Cube_FW_L4_V1.7.0\Projects\STM32L432KC-Nucleo\Templates\EWARM\STM32L432KC_NUCLEO\Obj\stm32l4xx_hal_pwr.o
#        D:\en.stm32cubel4\STM32Cube_FW_L4_V1.7.0\Projects\STM32L432KC-Nucleo\Templates\EWARM\STM32L432KC_NUCLEO\Obj\stm32l4xx_hal_pwr_ex.o
#        D:\en.stm32cubel4\STM32Cube_FW_L4_V1.7.0\Projects\STM32L432KC-Nucleo\Templates\EWARM\STM32L432KC_NUCLEO\Obj\stm32l4xx_hal_qspi.o
#        D:\en.stm32cubel4\STM32Cube_FW_L4_V1.7.0\Projects\STM32L432KC-Nucleo\Templates\EWARM\STM32L432KC_NUCLEO\Obj\stm32l4xx_hal_rcc.o
#        D:\en.stm32cubel4\STM32Cube_FW_L4_V1.7.0\Projects\STM32L432KC-Nucleo\Templates\EWARM\STM32L432KC_NUCLEO\Obj\stm32l4xx_hal_rcc_ex.o
#        D:\en.stm32cubel4\STM32Cube_FW_L4_V1.7.0\Projects\STM32L432KC-Nucleo\Templates\EWARM\STM32L432KC_NUCLEO\Obj\stm32l4xx_hal_rng.o
#        D:\en.stm32cubel4\STM32Cube_FW_L4_V1.7.0\Projects\STM32L432KC-Nucleo\Templates\EWARM\STM32L432KC_NUCLEO\Obj\stm32l4xx_hal_rtc.o
#        D:\en.stm32cubel4\STM32Cube_FW_L4_V1.7.0\Projects\STM32L432KC-Nucleo\Templates\EWARM\STM32L432KC_NUCLEO\Obj\stm32l4xx_hal_rtc_ex.o
#        D:\en.stm32cubel4\STM32Cube_FW_L4_V1.7.0\Projects\STM32L432KC-Nucleo\Templates\EWARM\STM32L432KC_NUCLEO\Obj\stm32l4xx_hal_sai.o
#        D:\en.stm32cubel4\STM32Cube_FW_L4_V1.7.0\Projects\STM32L432KC-Nucleo\Templates\EWARM\STM32L432KC_NUCLEO\Obj\stm32l4xx_hal_sd.o
#        D:\en.stm32cubel4\STM32Cube_FW_L4_V1.7.0\Projects\STM32L432KC-Nucleo\Templates\EWARM\STM32L432KC_NUCLEO\Obj\stm32l4xx_hal_smartcard.o
#        D:\en.stm32cubel4\STM32Cube_FW_L4_V1.7.0\Projects\STM32L432KC-Nucleo\Templates\EWARM\STM32L432KC_NUCLEO\Obj\stm32l4xx_hal_smartcard_ex.o
#        D:\en.stm32cubel4\STM32Cube_FW_L4_V1.7.0\Projects\STM32L432KC-Nucleo\Templates\EWARM\STM32L432KC_NUCLEO\Obj\stm32l4xx_hal_smbus.o
#        D:\en.stm32cubel4\STM32Cube_FW_L4_V1.7.0\Projects\STM32L432KC-Nucleo\Templates\EWARM\STM32L432KC_NUCLEO\Obj\stm32l4xx_hal_spi.o
#        D:\en.stm32cubel4\STM32Cube_FW_L4_V1.7.0\Projects\STM32L432KC-Nucleo\Templates\EWARM\STM32L432KC_NUCLEO\Obj\stm32l4xx_hal_spi_ex.o
#        D:\en.stm32cubel4\STM32Cube_FW_L4_V1.7.0\Projects\STM32L432KC-Nucleo\Templates\EWARM\STM32L432KC_NUCLEO\Obj\stm32l4xx_hal_swpmi.o
#        D:\en.stm32cubel4\STM32Cube_FW_L4_V1.7.0\Projects\STM32L432KC-Nucleo\Templates\EWARM\STM32L432KC_NUCLEO\Obj\stm32l4xx_hal_tim.o
#        D:\en.stm32cubel4\STM32Cube_FW_L4_V1.7.0\Projects\STM32L432KC-Nucleo\Templates\EWARM\STM32L432KC_NUCLEO\Obj\stm32l4xx_hal_tim_ex.o
#        D:\en.stm32cubel4\STM32Cube_FW_L4_V1.7.0\Projects\STM32L432KC-Nucleo\Templates\EWARM\STM32L432KC_NUCLEO\Obj\stm32l4xx_hal_tsc.o
#        D:\en.stm32cubel4\STM32Cube_FW_L4_V1.7.0\Projects\STM32L432KC-Nucleo\Templates\EWARM\STM32L432KC_NUCLEO\Obj\stm32l4xx_hal_uart.o
#        D:\en.stm32cubel4\STM32Cube_FW_L4_V1.7.0\Projects\STM32L432KC-Nucleo\Templates\EWARM\STM32L432KC_NUCLEO\Obj\stm32l4xx_hal_uart_ex.o
#        D:\en.stm32cubel4\STM32Cube_FW_L4_V1.7.0\Projects\STM32L432KC-Nucleo\Templates\EWARM\STM32L432KC_NUCLEO\Obj\stm32l4xx_hal_usart.o
#        D:\en.stm32cubel4\STM32Cube_FW_L4_V1.7.0\Projects\STM32L432KC-Nucleo\Templates\EWARM\STM32L432KC_NUCLEO\Obj\stm32l4xx_hal_wwdg.o
#        D:\en.stm32cubel4\STM32Cube_FW_L4_V1.7.0\Projects\STM32L432KC-Nucleo\Templates\EWARM\STM32L432KC_NUCLEO\Obj\stm32l4xx_it.o
#        D:\en.stm32cubel4\STM32Cube_FW_L4_V1.7.0\Projects\STM32L432KC-Nucleo\Templates\EWARM\STM32L432KC_NUCLEO\Obj\stm32l4xx_ll_sdmmc.o
#        D:\en.stm32cubel4\STM32Cube_FW_L4_V1.7.0\Projects\STM32L432KC-Nucleo\Templates\EWARM\STM32L432KC_NUCLEO\Obj\stm32l4xx_ll_usb.o
#        D:\en.stm32cubel4\STM32Cube_FW_L4_V1.7.0\Projects\STM32L432KC-Nucleo\Templates\EWARM\STM32L432KC_NUCLEO\Obj\stm32l4xx_nucleo_32.o
#        D:\en.stm32cubel4\STM32Cube_FW_L4_V1.7.0\Projects\STM32L432KC-Nucleo\Templates\EWARM\STM32L432KC_NUCLEO\Obj\system_stm32l4xx.o
#        --redirect _Printf=_PrintfSmall --redirect _Scanf=_ScanfSmall -o
#        D:\en.stm32cubel4\STM32Cube_FW_L4_V1.7.0\Projects\STM32L432KC-Nucleo\Templates\EWARM\STM32L432KC_NUCLEO\Exe\Project.out
#        --map
#        D:\en.stm32cubel4\STM32Cube_FW_L4_V1.7.0\Projects\STM32L432KC-Nucleo\Templates\EWARM\STM32L432KC_NUCLEO\List\Project.map
#        --config
#        D:\en.stm32cubel4\STM32Cube_FW_L4_V1.7.0\Projects\STM32L432KC-Nucleo\Templates\EWARM\stm32l432xx_flash.icf
#        --semihosting --entry __iar_program_start --vfe
#
###############################################################################

*******************************************************************************
*** RUNTIME MODEL ATTRIBUTES
***

CppFlavor                     = *
__Heap_Handler                = Basic
__SystemLibrary               = DLib
__dlib_dynamic_initialization = normal


*******************************************************************************
*** PLACEMENT SUMMARY
***

"A0":  place at 0x08000000 { ro section .intvec };
"P1":  place in [from 0x08000000 to 0x0803ffff] { ro };
"P2":  place in [from 0x20000000 to 0x2000bfff] { rw, block CSTACK, block HEAP };
initialize by copy { rw };

  Section             Kind        Address    Size  Object
  -------             ----        -------    ----  ------
"A0":                                       0x18c
  .intvec             ro code  0x08000000   0x18c  startup_stm32l432xx.o [1]
                             - 0x0800018c   0x18c

"P1":                                      0x1ff1
  .text               ro code  0x0800018c   0x7c4  xprintfsmall.o [3]
  .text               ro code  0x08000950    0x20  xmbtowc.o [3]
  .text               ro code  0x08000970    0x16  strchr.o [5]
  .text               ro code  0x08000988    0x36  strlen.o [5]
  .text               ro code  0x080009c0    0x58  memchr.o [5]
  .text               ro code  0x08000a18     0xa  xmbcurmax.o [3]
  .text               ro code  0x08000a24    0xb0  xxmemxmalloc.o [3]
  .text               ro code  0x08000ad4    0x1a  xwctomb.o [3]
  .text               ro code  0x08000af0    0x76  ABImemcpy_unaligned.o [5]
  .text               ro code  0x08000b68    0x80  xxmemxfree.o [3]
  .text               ro code  0x08000be8    0x14  setlocale.o [3]
  .text               ro code  0x08000bfc    0x60  xencoding_sb.o [3]
  .text               ro code  0x08000c5c    0x2c  xgetmemchunk.o [3]
  .text               ro code  0x08000c88     0x2  xtls.o [3]
  .text               ro code  0x08000c8c   0x6d0  stm32l4xx_hal_rcc.o [1]
  .text               ro code  0x0800135c     0xc  stm32l4xx_hal.o [1]
  .text               ro code  0x08001368    0x28  stm32l4xx_hal.o [1]
  .text               ro code  0x08001390    0x10  stm32l4xx_hal_pwr_ex.o [1]
  .text               ro code  0x080013a0    0xc8  stm32l4xx_hal_cortex.o [1]
  .text               ro code  0x08001468   0x4d4  stm32l4xx_hal_uart.o [1]
  .text               ro code  0x0800193c    0xee  I64DivMod.o [5]
  .text               ro code  0x08001a2c     0x2  I64DivZer.o [5]
  .text               ro code  0x08001a30   0x188  stm32l4xx_hal_gpio.o [1]
  .text               ro code  0x08001bb8    0xd8  main.o [1]
  .text               ro code  0x08001c90    0x16  stm32l4xx_hal.o [1]
  .text               ro code  0x08001ca8    0x6a  stm32l4xx_nucleo_32.o [1]
  .text               ro code  0x08001d14    0x24  printf.o [3]
  .text               ro code  0x08001d38    0x1e  stm32l4xx_hal.o [1]
  .text               ro code  0x08001d58    0xac  stm32l4xx_hal_msp.o [1]
  .text               ro code  0x08001e04     0x6  ABImemclr4.o [5]
  .text               ro code  0x08001e0c    0x32  ABImemset48.o [5]
  .text               ro code  0x08001e40    0x8c  system_stm32l4xx.o [1]
  .text               ro code  0x08001ecc    0x40  zero_init3.o [5]
  .text               ro code  0x08001f0c    0x38  packbits_init_single.o [5]
  .text               ro code  0x08001f44    0x28  data_init.o [5]
  .text               ro code  0x08001f6c    0x22  fpinit_M.o [4]
  .iar.init_table     const    0x08001f90    0x20  - Linker created -
  .text               ro code  0x08001fb0    0x1a  cmain.o [5]
  .text               ro code  0x08001fca     0x4  low_level_init.o [3]
  .text               ro code  0x08001fce     0x4  exit.o [3]
  .text               ro code  0x08001fd4     0xa  cexit.o [5]
  .text               ro code  0x08001fe0    0x14  exit.o [6]
  .text               ro code  0x08001ff4    0x16  xprout.o [3]
  .text               ro code  0x0800200c     0xc  putchar.o [3]
  .text               ro code  0x08002018    0x14  stm32l4xx_it.o [1]
  .text               ro code  0x0800202c    0x10  stm32l4xx_hal.o [1]
  .text               ro code  0x0800203c    0x10  startup_stm32l432xx.o [1]
  .text               ro code  0x0800204c     0xc  cstartup_M.o [5]
  .rodata             const    0x08002058     0x8  system_stm32l4xx.o [1]
  .text               ro code  0x08002060     0x4  startup_stm32l432xx.o [1]
  .text               ro code  0x08002064     0x4  startup_stm32l432xx.o [1]
  .text               ro code  0x08002068     0x4  startup_stm32l432xx.o [1]
  .text               ro code  0x0800206c     0x4  startup_stm32l432xx.o [1]
  .text               ro code  0x08002070     0x4  startup_stm32l432xx.o [1]
  .text               ro code  0x08002074     0x4  startup_stm32l432xx.o [1]
  .text               ro code  0x08002078     0x4  startup_stm32l432xx.o [1]
  .text               ro code  0x0800207c     0x4  startup_stm32l432xx.o [1]
  .text               ro code  0x08002080     0x4  startup_stm32l432xx.o [1]
  .text               ro code  0x08002084     0x4  startup_stm32l432xx.o [1]
  .text               ro code  0x08002088     0x4  startup_stm32l432xx.o [1]
  .text               ro code  0x0800208c     0x4  startup_stm32l432xx.o [1]
  .text               ro code  0x08002090     0x4  startup_stm32l432xx.o [1]
  .text               ro code  0x08002094     0x4  startup_stm32l432xx.o [1]
  .text               ro code  0x08002098     0x4  startup_stm32l432xx.o [1]
  .text               ro code  0x0800209c     0x4  startup_stm32l432xx.o [1]
  .text               ro code  0x080020a0     0x4  startup_stm32l432xx.o [1]
  .text               ro code  0x080020a4     0x4  startup_stm32l432xx.o [1]
  .text               ro code  0x080020a8     0x4  startup_stm32l432xx.o [1]
  .text               ro code  0x080020ac     0x4  startup_stm32l432xx.o [1]
  .text               ro code  0x080020b0     0x4  startup_stm32l432xx.o [1]
  .text               ro code  0x080020b4     0x4  startup_stm32l432xx.o [1]
  .text               ro code  0x080020b8     0x4  startup_stm32l432xx.o [1]
  .text               ro code  0x080020bc     0x4  startup_stm32l432xx.o [1]
  .text               ro code  0x080020c0     0x4  startup_stm32l432xx.o [1]
  .text               ro code  0x080020c4     0x4  startup_stm32l432xx.o [1]
  .text               ro code  0x080020c8     0x4  startup_stm32l432xx.o [1]
  .text               ro code  0x080020cc     0x4  startup_stm32l432xx.o [1]
  .text               ro code  0x080020d0     0x4  startup_stm32l432xx.o [1]
  .text               ro code  0x080020d4     0x4  startup_stm32l432xx.o [1]
  .text               ro code  0x080020d8     0x4  startup_stm32l432xx.o [1]
  .text               ro code  0x080020dc     0x4  startup_stm32l432xx.o [1]
  .text               ro code  0x080020e0     0x4  startup_stm32l432xx.o [1]
  .text               ro code  0x080020e4     0x4  startup_stm32l432xx.o [1]
  .text               ro code  0x080020e8     0x4  startup_stm32l432xx.o [1]
  .text               ro code  0x080020ec     0x4  startup_stm32l432xx.o [1]
  .text               ro code  0x080020f0     0x4  startup_stm32l432xx.o [1]
  .text               ro code  0x080020f4     0x4  startup_stm32l432xx.o [1]
  .text               ro code  0x080020f8     0x4  startup_stm32l432xx.o [1]
  .text               ro code  0x080020fc     0x4  startup_stm32l432xx.o [1]
  .text               ro code  0x08002100     0x4  startup_stm32l432xx.o [1]
  .text               ro code  0x08002104     0x4  startup_stm32l432xx.o [1]
  .text               ro code  0x08002108     0x4  startup_stm32l432xx.o [1]
  .text               ro code  0x0800210c     0x4  startup_stm32l432xx.o [1]
  .text               ro code  0x08002110     0x4  startup_stm32l432xx.o [1]
  .text               ro code  0x08002114     0x4  startup_stm32l432xx.o [1]
  .text               ro code  0x08002118     0x4  startup_stm32l432xx.o [1]
  .text               ro code  0x0800211c     0x4  startup_stm32l432xx.o [1]
  .text               ro code  0x08002120     0x4  startup_stm32l432xx.o [1]
  .text               ro code  0x08002124     0x4  startup_stm32l432xx.o [1]
  .text               ro code  0x08002128     0x4  startup_stm32l432xx.o [1]
  .text               ro code  0x0800212c     0x4  startup_stm32l432xx.o [1]
  .text               ro code  0x08002130     0x4  startup_stm32l432xx.o [1]
  .text               ro code  0x08002134     0x4  startup_stm32l432xx.o [1]
  .text               ro code  0x08002138     0x4  startup_stm32l432xx.o [1]
  .text               ro code  0x0800213c     0x4  startup_stm32l432xx.o [1]
  .text               ro code  0x08002140     0x4  startup_stm32l432xx.o [1]
  .text               ro code  0x08002144     0x4  startup_stm32l432xx.o [1]
  .text               ro code  0x08002148     0x4  startup_stm32l432xx.o [1]
  .text               ro code  0x0800214c     0x4  startup_stm32l432xx.o [1]
  .rodata             const    0x08002150     0x0  zero_init3.o [5]
  .rodata             const    0x08002150     0x0  packbits_init_single.o [5]
  Initializer bytes   const    0x08002150    0x2d  <for P2-1>
                             - 0x0800217d  0x1ff1

"P2", part 1 of 3:                           0xbc
  P2-1                         0x20000000    0xbc  <Init block>
    .data             inited   0x20000000     0x4  stm32l4xx_nucleo_32.o [1]
    .data             inited   0x20000004     0x4  system_stm32l4xx.o [1]
    .data             inited   0x20000008    0x40  xfiles.o [3]
    __DLIB_PERTHREAD  inited   0x20000048    0x74  setlocale.o [3]
                             - 0x200000bc    0xbc

"P2", part 2 of 3:                          0x600
  CSTACK                       0x200000c0   0x400  <Block>
    CSTACK            uninit   0x200000c0   0x400  <Block tail>
  HEAP                         0x200004c0   0x200  <Block>
    HEAP              uninit   0x200004c0   0x200  <Block tail>
                             - 0x200006c0   0x600

"P2", part 3 of 3:                           0xd0
  .bss                zero     0x200006c0    0x70  main.o [1]
  .bss                zero     0x20000730    0x50  xfiles.o [3]
  .bss                zero     0x20000780     0x8  xxmemxmalloc.o [3]
  .bss                zero     0x20000788     0x4  stm32l4xx_hal.o [1]
  .bss                zero     0x2000078c     0x4  xgetmemchunk.o [3]
                             - 0x20000790    0xd0


*******************************************************************************
*** INIT TABLE
***

          Address     Size
          -------     ----
Zero (__iar_zero_init3)
    1 destination range, total size 0xd0:
          0x200006c0  0xd0

Copy/packbits (__iar_packbits_init_single3)
    1 source range, total size 0x2d (23% of destination):
          0x08002150  0x2d
    1 destination range, total size 0xbc:
          0x20000000  0xbc



*******************************************************************************
*** MODULE SUMMARY
***

    Module                  ro code  ro data  rw data
    ------                  -------  -------  -------
D:\en.stm32cubel4\STM32Cube_FW_L4_V1.7.0\Projects\STM32L432KC-Nucleo\Templates\EWARM\STM32L432KC_NUCLEO\Obj: [1]
    main.o                      216               112
    startup_stm32l432xx.o       652
    stm32l4xx_hal.o             120                 4
    stm32l4xx_hal_cortex.o      200
    stm32l4xx_hal_gpio.o        392
    stm32l4xx_hal_msp.o         172
    stm32l4xx_hal_pwr_ex.o       16
    stm32l4xx_hal_rcc.o       1 744
    stm32l4xx_hal_uart.o      1 236
    stm32l4xx_it.o               20
    stm32l4xx_nucleo_32.o       106                 4
    system_stm32l4xx.o          140        9        4
    -------------------------------------------------
    Total:                    5 014        9      124

command line: [2]
    -------------------------------------------------
    Total:

dl7M_tlf.a: [3]
    exit.o                        4
    low_level_init.o              4
    printf.o                     36
    putchar.o                    12
    setlocale.o                  20       28      116
    xencoding_sb.o               96
    xfiles.o                              16      144
    xgetmemchunk.o               44                 4
    xmbcurmax.o                  10
    xmbtowc.o                    32
    xprintfsmall.o            1 988
    xprout.o                     22
    xtls.o                        2
    xwctomb.o                    26
    xxmemxfree.o                128
    xxmemxmalloc.o              176                 8
    -------------------------------------------------
    Total:                    2 600       44      272

m7M_tls.a: [4]
    fpinit_M.o                   34
    -------------------------------------------------
    Total:                       34

rt7M_tl.a: [5]
    ABImemclr4.o                  6
    ABImemcpy_unaligned.o       118
    ABImemset48.o                50
    I64DivMod.o                 238
    I64DivZer.o                   2
    cexit.o                      10
    cmain.o                      26
    cstartup_M.o                 12
    data_init.o                  40
    memchr.o                     88
    packbits_init_single.o       56
    strchr.o                     22
    strlen.o                     54
    zero_init3.o                 64
    -------------------------------------------------
    Total:                      786

shb_l.a: [6]
    exit.o                       20
    -------------------------------------------------
    Total:                       20

    Gaps                         32        2
    Linker created                        32    1 536
-----------------------------------------------------
    Grand Total:              8 486       87    1 932


*******************************************************************************
*** ENTRY LIST
***

Entry                      Address   Size  Type      Object
-----                      -------   ----  ----      ------
.iar.init_table$$Base   0x08001f90          --   Gb  - Linker created -
.iar.init_table$$Limit  0x08001fb0          --   Gb  - Linker created -
?main                   0x08001fb1         Code  Gb  cmain.o [5]
AHBPrescTable           0x08001e8c   0x10  Data  Gb  system_stm32l4xx.o [1]
APBPrescTable           0x08002058    0x8  Data  Gb  system_stm32l4xx.o [1]
BSP_LED_Init            0x08001ca9   0x4c  Code  Gb  stm32l4xx_nucleo_32.o [1]
BSP_LED_Toggle          0x08001cf5   0x12  Code  Gb  stm32l4xx_nucleo_32.o [1]
BusFault_Handler        0x0800201f    0x2  Code  Gb  stm32l4xx_it.o [1]
CSTACK$$Base            0x200000c0          --   Gb  - Linker created -
CSTACK$$Limit           0x200004c0          --   Gb  - Linker created -
DebugMon_Handler        0x08002025    0x2  Code  Gb  stm32l4xx_it.o [1]
HAL_Delay               0x08001d39   0x1e  Code  Wk  stm32l4xx_hal.o [1]
HAL_GPIO_Init           0x08001a31  0x158  Code  Gb  stm32l4xx_hal_gpio.o [1]
HAL_GPIO_TogglePin      0x08001b9d    0x8  Code  Gb  stm32l4xx_hal_gpio.o [1]
HAL_GPIO_WritePin       0x08001b93    0xa  Code  Gb  stm32l4xx_hal_gpio.o [1]
HAL_GetTick             0x0800135d    0xc  Code  Wk  stm32l4xx_hal.o [1]
HAL_IncTick             0x0800202d   0x10  Code  Wk  stm32l4xx_hal.o [1]
HAL_Init                0x08001c91   0x16  Code  Gb  stm32l4xx_hal.o [1]
HAL_InitTick            0x08001369   0x28  Code  Wk  stm32l4xx_hal.o [1]
HAL_MspInit             0x08001d59   0x86  Code  Gb  stm32l4xx_hal_msp.o [1]
HAL_NVIC_EnableIRQ      0x0800140f   0x18  Code  Gb  stm32l4xx_hal_cortex.o [1]
HAL_NVIC_SetPriority    0x080013d5   0x3a  Code  Gb  stm32l4xx_hal_cortex.o [1]
HAL_NVIC_SetPriorityGrouping
                        0x080013bb   0x1a  Code  Gb  stm32l4xx_hal_cortex.o [1]
HAL_PWREx_GetVoltageRange
                        0x08001391    0xc  Code  Gb  stm32l4xx_hal_pwr_ex.o [1]
HAL_RCC_ClockConfig     0x08001091  0x120  Code  Gb  stm32l4xx_hal_rcc.o [1]
HAL_RCC_GetPCLK1Freq    0x08001287   0x10  Code  Gb  stm32l4xx_hal_rcc.o [1]
HAL_RCC_GetPCLK2Freq    0x08001297    0xe  Code  Gb  stm32l4xx_hal_rcc.o [1]
HAL_RCC_GetSysClockFreq
                        0x080011d9   0xae  Code  Gb  stm32l4xx_hal_rcc.o [1]
HAL_RCC_OscConfig       0x08000c8d  0x3d2  Code  Gb  stm32l4xx_hal_rcc.o [1]
HAL_SYSTICK_Config      0x08001427   0x28  Code  Gb  stm32l4xx_hal_cortex.o [1]
HAL_UART_Init           0x08001469   0x30  Code  Gb  stm32l4xx_hal_uart.o [1]
HAL_UART_MspInit        0x0800193b    0x2  Code  Wk  stm32l4xx_hal_uart.o [1]
HAL_UART_Transmit       0x080014e7   0x9c  Code  Gb  stm32l4xx_hal_uart.o [1]
HEAP$$Base              0x200004c0          --   Gb  - Linker created -
HEAP$$Limit             0x200006c0          --   Gb  - Linker created -
HardFault_Handler       0x0800201b    0x2  Code  Gb  stm32l4xx_it.o [1]
LED_PIN                 0x08001d10    0x2  Data  Gb  stm32l4xx_nucleo_32.o [1]
LED_PORT                0x20000000    0x4  Data  Gb  stm32l4xx_nucleo_32.o [1]
LoadInt                 0x080005bd   0x4c  Code  Lc  xprintfsmall.o [3]
MSIRangeTable           0x08001e9c   0x30  Data  Gb  system_stm32l4xx.o [1]
MemManage_Handler       0x0800201d    0x2  Code  Gb  stm32l4xx_it.o [1]
NMI_Handler             0x08002019    0x2  Code  Gb  stm32l4xx_it.o [1]
PendSV_Handler          0x08002027    0x2  Code  Gb  stm32l4xx_it.o [1]
RCC_SetFlashLatencyFromMSIRange
                        0x080012ab   0x78  Code  Lc  stm32l4xx_hal_rcc.o [1]
Region$$Table$$Base     0x08001f90          --   Gb  - Linker created -
Region$$Table$$Limit    0x08001fb0          --   Gb  - Linker created -
SVC_Handler             0x08002023    0x2  Code  Gb  stm32l4xx_it.o [1]
SysTick_Handler         0x08002029    0x4  Code  Gb  stm32l4xx_it.o [1]
SystemCoreClock         0x20000004    0x4  Data  Gb  system_stm32l4xx.o [1]
SystemInit              0x08001e41   0x3c  Code  Gb  system_stm32l4xx.o [1]
UART_AdvFeatureConfig   0x080017bb   0xc6  Code  Gb  stm32l4xx_hal_uart.o [1]
UART_CheckIdleState     0x08001881   0x56  Code  Gb  stm32l4xx_hal_uart.o [1]
UART_SetConfig          0x08001589  0x202  Code  Gb  stm32l4xx_hal_uart.o [1]
UART_WaitOnFlagUntilTimeout
                        0x080018d7   0x58  Code  Gb  stm32l4xx_hal_uart.o [1]
USART2_UART_Init        0x08001c31   0x32  Code  Gb  main.o [1]
UsageFault_Handler      0x08002021    0x2  Code  Gb  stm32l4xx_it.o [1]
_EncodingSb_Mbtowc      0x08000c17   0x30  Code  Gb  xencoding_sb.o [3]
_EncodingSb_Mbtowc::initial
                        0x08000c54    0x8  Data  Lc  xencoding_sb.o [3]
_EncodingSb_Wctomb      0x08000bfd   0x1a  Code  Gb  xencoding_sb.o [3]
_EncodingSb_Wctomb::initial
                        0x08000c4c    0x8  Data  Lc  xencoding_sb.o [3]
_IsdstStr               0x2000004c    0x4  Data  Gb  setlocale.o [3]
_LitobSmall             0x0800083b   0xce  Code  Lc  xprintfsmall.o [3]
_LocaleEncoding         0x08000be9    0xe  Code  Gb  setlocale.o [3]
_LocaleReturnString     0x2000006c   0x50  Data  Lc  setlocale.o [3]
_Locale_Profile         0x20000050   0x1c  Data  Gb  setlocale.o [3]
_Mbtowc                 0x08000951   0x20  Code  Gb  xmbtowc.o [3]
_PrintfSmall            0x0800018d  0x430  Code  Gb  xprintfsmall.o [3]
_Prout                  0x08001ff5   0x16  Code  Gb  xprout.o [3]
_PutcharsSmall          0x08000909   0x2e  Code  Lc  xprintfsmall.o [3]
_PutstrSmall            0x08000609  0x228  Code  Lc  xprintfsmall.o [3]
_TzoneStr               0x20000048    0x4  Data  Gb  setlocale.o [3]
_Wctomb                 0x08000ad5   0x1a  Code  Gb  xwctomb.o [3]
__NVIC_SetPriority      0x080013a1   0x1a  Code  Lc  stm32l4xx_hal_cortex.o [1]
__aeabi_ldiv0           0x08001a2d         Code  Gb  I64DivZer.o [5]
__aeabi_memclr4         0x08001e05         Code  Gb  ABImemclr4.o [5]
__aeabi_uldivmod        0x0800193d         Code  Gb  I64DivMod.o [5]
__cmain                 0x08001fb1         Code  Gb  cmain.o [5]
__data_Aldata           0x20000780    0x8  Data  Gb  xxmemxmalloc.o [3]
__data_GetMemChunk      0x08000c5d   0x2c  Code  Gb  xgetmemchunk.o [3]
__data_GetMemChunk::start
                        0x2000078c    0x4  Data  Lc  xgetmemchunk.o [3]
__exit                  0x08001fe1   0x14  Code  Gb  exit.o [6]
__iar_Mbcurmax          0x08000a19    0xa  Code  Gb  xmbcurmax.o [3]
__iar_Memchr            0x080009c1         Code  Gb  memchr.o [5]
__iar_Memset4_word      0x08001e0d         Code  Gb  ABImemset48.o [5]
__iar_Memset8_word      0x08001e0d         Code  Gb  ABImemset48.o [5]
__iar_Stdout            0x20000008   0x40  Data  Gb  xfiles.o [3]
__iar_Strchr            0x08000971         Code  Gb  strchr.o [5]
__iar_data_init3        0x08001f45   0x28  Code  Gb  data_init.o [5]
__iar_dlib_perthread_access
                        0x08000c89    0x2  Code  Gb  xtls.o [3]
__iar_init_vfp          0x08001f6d         Code  Gb  fpinit_M.o [4]
__iar_packbits_init_single3
                        0x08001f0d   0x38  Code  Gb  packbits_init_single.o [5]
__iar_program_start     0x0800204d         Code  Gb  cstartup_M.o [5]
__iar_unaligned___aeabi_memcpy
                        0x08000af1         Code  Gb  ABImemcpy_unaligned.o [5]
__iar_unaligned___aeabi_memcpy4
                        0x08000b11         Code  Gb  ABImemcpy_unaligned.o [5]
__iar_unaligned___aeabi_memcpy8
                        0x08000b11         Code  Gb  ABImemcpy_unaligned.o [5]
__iar_zero_init3        0x08001ecd   0x40  Code  Gb  zero_init3.o [5]
__low_level_init        0x08001fcb    0x4  Code  Gb  low_level_init.o [3]
__vector_table          0x08000000         Data  Gb  startup_stm32l432xx.o [1]
_call_main              0x08001fbd         Code  Gb  cmain.o [5]
_exit                   0x08001fd5         Code  Gb  cexit.o [5]
_main                   0x08001fc7         Code  Gb  cmain.o [5]
exit                    0x08001fcf    0x4  Code  Gb  exit.o [3]
fputc                   0x08001c63   0x12  Code  Gb  main.o [1]
free                    0x08000b69   0x7a  Code  Gb  xxmemxfree.o [3]
huart2                  0x200006c0   0x70  Data  Gb  main.o [1]
main                    0x08001bb9   0x78  Code  Gb  main.o [1]
malloc                  0x08000a25   0xac  Code  Gb  xxmemxmalloc.o [3]
memchr                  0x080009c1         Code  Gb  memchr.o [5]
obuf                    0x20000730   0x50  Data  Lc  xfiles.o [3]
printf                  0x08001d15   0x24  Code  Gb  printf.o [3]
putchar                 0x0800200d    0xc  Code  Gb  putchar.o [3]
strchr                  0x08000971         Code  Gb  strchr.o [5]
strlen                  0x08000989         Code  Gb  strlen.o [5]
uwTick                  0x20000788    0x4  Data  Gb  stm32l4xx_hal.o [1]


[1] = D:\en.stm32cubel4\STM32Cube_FW_L4_V1.7.0\Projects\STM32L432KC-Nucleo\Templates\EWARM\STM32L432KC_NUCLEO\Obj
[2] = command line
[3] = dl7M_tlf.a
[4] = m7M_tls.a
[5] = rt7M_tl.a
[6] = shb_l.a

  8 486 bytes of readonly  code memory
     87 bytes of readonly  data memory
  1 932 bytes of readwrite data memory

Errors: none
Warnings: none
